// Jest Snapshot v1, https://goo.gl/fbAQLP

exports[`Search has a valid snapshot 1`] = `
<form
  onSubmit={[Function]}
>
  <button
    type="submit"
  >
    Search
  </button>
  <input
    onChange={[Function]}
    type="text"
    value="redux"
  />
</form>
`;

exports[`Table has a valid snapshot 1`] = `
<div
  className="table"
>
  <div
    className="table-header"
  >
    <span
      style={
        Object {
          "width": "40%",
        }
      }
    >
      <button
        className="button-inline"
        onClick={[Function]}
      >
        Title
      </button>
    </span>
    <span
      style={
        Object {
          "width": "30%",
        }
      }
    >
      <button
        className="button-inline"
        onClick={[Function]}
      >
        Author
      </button>
    </span>
    <span
      style={
        Object {
          "width": "10%",
        }
      }
    >
      <button
        className="button-inline"
        onClick={[Function]}
      >
        Comments
      </button>
    </span>
    <span
      style={
        Object {
          "width": "10%",
        }
      }
    >
      <button
        className="button-inline"
        onClick={[Function]}
      >
        Points
      </button>
    </span>
    <span
      style={
        Object {
          "width": "10%",
        }
      }
    />
  </div>
  <div
    className="table-row"
  >
    <span
      style={
        Object {
          "width": "40%",
        }
      }
    >
      <a
        href={undefined}
      >
        1
      </a>
    </span>
    <span
      style={
        Object {
          "width": "30%",
        }
      }
    >
      1
    </span>
    <span
      style={
        Object {
          "width": "10%",
        }
      }
    >
      1
    </span>
    <span
      style={
        Object {
          "width": "10%",
        }
      }
    >
      2
    </span>
    <span
      style={
        Object {
          "width": "10%",
        }
      }
    >
      <button
        className="button-inline"
        onClick={[Function]}
      >
        Dismiss
      </button>
    </span>
  </div>
  <div
    className="table-row"
  >
    <span
      style={
        Object {
          "width": "40%",
        }
      }
    >
      <a
        href={undefined}
      >
        2
      </a>
    </span>
    <span
      style={
        Object {
          "width": "30%",
        }
      }
    >
      2
    </span>
    <span
      style={
        Object {
          "width": "10%",
        }
      }
    >
      1
    </span>
    <span
      style={
        Object {
          "width": "10%",
        }
      }
    >
      2
    </span>
    <span
      style={
        Object {
          "width": "10%",
        }
      }
    >
      <button
        className="button-inline"
        onClick={[Function]}
      >
        Dismiss
      </button>
    </span>
  </div>
</div>
`;
